Archive member included to satisfy reference by file (symbol)

/usr/lib/gcc/avr/4.9.2/avr51/libgcc.a(_divmodhi4.o)
                              hd44780.o (__divmodhi4)
/usr/lib/gcc/avr/4.9.2/avr51/libgcc.a(_divmodsi4.o)
                              hd44780.o (__divmodsi4)
/usr/lib/gcc/avr/4.9.2/avr51/libgcc.a(_negsi2.o)
                              /usr/lib/gcc/avr/4.9.2/avr51/libgcc.a(_divmodsi4.o) (__negsi2)
/usr/lib/gcc/avr/4.9.2/avr51/libgcc.a(_exit.o)
                              /usr/lib/gcc/avr/4.9.2/../../../avr/lib/avr51/crtatmega128.o (exit)
/usr/lib/gcc/avr/4.9.2/avr51/libgcc.a(_tablejump2.o)
                              twi_master.o (__tablejump2__)
/usr/lib/gcc/avr/4.9.2/avr51/libgcc.a(_copy_data.o)
                              lab6.o (__do_copy_data)
/usr/lib/gcc/avr/4.9.2/avr51/libgcc.a(_clear_bss.o)
                              lab6.o (__do_clear_bss)
/usr/lib/gcc/avr/4.9.2/avr51/libgcc.a(_udivmodhi4.o)
                              /usr/lib/gcc/avr/4.9.2/avr51/libgcc.a(_divmodhi4.o) (__udivmodhi4)
/usr/lib/gcc/avr/4.9.2/avr51/libgcc.a(_udivmodsi4.o)
                              /usr/lib/gcc/avr/4.9.2/avr51/libgcc.a(_divmodsi4.o) (__udivmodsi4)
/usr/lib/gcc/avr/4.9.2/../../../avr/lib/avr51/libc.a(itoa_ncheck.o)
                              lab6.o (__itoa_ncheck)
/usr/lib/gcc/avr/4.9.2/../../../avr/lib/avr51/libc.a(utoa_ncheck.o)
                              /usr/lib/gcc/avr/4.9.2/../../../avr/lib/avr51/libc.a(itoa_ncheck.o) (__utoa_common)
/usr/lib/gcc/avr/4.9.2/../../../avr/lib/avr51/libc.a(strrev.o)
                              /usr/lib/gcc/avr/4.9.2/../../../avr/lib/avr51/libc.a(utoa_ncheck.o) (strrev)
/usr/lib/gcc/avr/4.9.2/../../../avr/lib/avr51/libatmega128.a(eerd_byte.o)
                              si4734.o (eeprom_read_byte)
/usr/lib/gcc/avr/4.9.2/../../../avr/lib/avr51/libatmega128.a(eerd_word.o)
                              si4734.o (eeprom_read_word)
/usr/lib/gcc/avr/4.9.2/../../../avr/lib/avr51/libatmega128.a(eerd_block.o)
                              /usr/lib/gcc/avr/4.9.2/../../../avr/lib/avr51/libatmega128.a(eerd_word.o) (eeprom_read_blraw)

Allocating common symbols
Common symbol       size              file

eeprom_volume       0x1               lab6.o
eeprom_fm_freq      0x2               lab6.o
uart_tx_buf         0x28              uart_functions.o
j                   0x1               lab6.o
twi_state           0x1               twi_master.o
current_radio_band  0x2               lab6.o
twi_buf             0x2               twi_master.o
uart1_tx_buf        0x28              uart_functions.o
lcd_display         0x20              lab6.o
tempsensor_string   0x2               lab6.o
si4734_wr_buf       0x9               si4734.o
lm73_wr_buf         0x2               lm73_functions_skel.o
lm73_temp           0x2               lab6.o
si4734_tune_status_buf
                    0x8               si4734.o
eeprom_am_freq      0x2               lab6.o
firstbyte           0x1               lab6.o
current_volume      0x1               lab6.o
si4734_revision_buf
                    0x10              si4734.o
twi_bus_addr        0x1               twi_master.o
i                   0x1               lab6.o
lcd_str             0x10              hd44780.o
twi_msg_size        0x1               twi_master.o
current_am_freq     0x2               lab6.o
uart1_rx_buf        0x28              uart_functions.o
current_fm_freq     0x2               lab6.o
STC_interrupt       0x1               si4734.o
current_sw_freq     0x2               lab6.o
lm73_rd_buf         0x2               lm73_functions_skel.o
uart_rx_buf         0x28              uart_functions.o
eeprom_sw_freq      0x2               lab6.o
si4734_rd_buf       0xf               si4734.o
segment_data        0x5               lab6.o

Memory Configuration

Name             Origin             Length             Attributes
text             0x0000000000000000 0x0000000000020000 xr
data             0x0000000000800100 0x000000000000ff00 rw !x
eeprom           0x0000000000810000 0x0000000000010000 rw !x
fuse             0x0000000000820000 0x0000000000000400 rw !x
lock             0x0000000000830000 0x0000000000000400 rw !x
signature        0x0000000000840000 0x0000000000000400 rw !x
user_signatures  0x0000000000850000 0x0000000000000400 rw !x
*default*        0x0000000000000000 0xffffffffffffffff

Linker script and memory map

Address of section .data set to 0x800100
LOAD /usr/lib/gcc/avr/4.9.2/../../../avr/lib/avr51/crtatmega128.o
LOAD lab6.o
LOAD hd44780.o
LOAD lm73_functions_skel.o
LOAD twi_master.o
LOAD uart_functions.o
LOAD si4734.o
START GROUP
LOAD /usr/lib/gcc/avr/4.9.2/avr51/libgcc.a
LOAD /usr/lib/gcc/avr/4.9.2/../../../avr/lib/avr51/libm.a
LOAD /usr/lib/gcc/avr/4.9.2/../../../avr/lib/avr51/libc.a
LOAD /usr/lib/gcc/avr/4.9.2/../../../avr/lib/avr51/libatmega128.a
END GROUP

.hash
 *(.hash)

.dynsym
 *(.dynsym)

.dynstr
 *(.dynstr)

.gnu.version
 *(.gnu.version)

.gnu.version_d
 *(.gnu.version_d)

.gnu.version_r
 *(.gnu.version_r)

.rel.init
 *(.rel.init)

.rela.init
 *(.rela.init)

.rel.text
 *(.rel.text)
 *(.rel.text.*)
 *(.rel.gnu.linkonce.t*)

.rela.text
 *(.rela.text)
 *(.rela.text.*)
 *(.rela.gnu.linkonce.t*)

.rel.fini
 *(.rel.fini)

.rela.fini
 *(.rela.fini)

.rel.rodata
 *(.rel.rodata)
 *(.rel.rodata.*)
 *(.rel.gnu.linkonce.r*)

.rela.rodata
 *(.rela.rodata)
 *(.rela.rodata.*)
 *(.rela.gnu.linkonce.r*)

.rel.data
 *(.rel.data)
 *(.rel.data.*)
 *(.rel.gnu.linkonce.d*)

.rela.data
 *(.rela.data)
 *(.rela.data.*)
 *(.rela.gnu.linkonce.d*)

.rel.ctors
 *(.rel.ctors)

.rela.ctors
 *(.rela.ctors)

.rel.dtors
 *(.rel.dtors)

.rela.dtors
 *(.rela.dtors)

.rel.got
 *(.rel.got)

.rela.got
 *(.rela.got)

.rel.bss
 *(.rel.bss)

.rela.bss
 *(.rela.bss)

.rel.plt
 *(.rel.plt)

.rela.plt
 *(.rela.plt)

.text           0x0000000000000000     0x1d2a
 *(.vectors)
 .vectors       0x0000000000000000       0x8c /usr/lib/gcc/avr/4.9.2/../../../avr/lib/avr51/crtatmega128.o
                0x0000000000000000                __vectors
                0x0000000000000000                __vector_default
 *(.vectors)
 *(.progmem.gcc*)
 .progmem.gcc_sw_table
                0x000000000000008c       0xa2 twi_master.o
                0x000000000000012e                . = ALIGN (0x2)
                0x000000000000012e                __trampolines_start = .
 *(.trampolines)
 .trampolines   0x000000000000012e        0x0 linker stubs
 *(.trampolines*)
                0x000000000000012e                __trampolines_end = .
 *(.progmem*)
                0x000000000000012e                . = ALIGN (0x2)
 *(.jumptables)
 *(.jumptables*)
 *(.lowtext)
 *(.lowtext*)
                0x000000000000012e                __ctors_start = .
 *(.ctors)
                0x000000000000012e                __ctors_end = .
                0x000000000000012e                __dtors_start = .
 *(.dtors)
                0x000000000000012e                __dtors_end = .
 SORT(*)(.ctors)
 SORT(*)(.dtors)
 *(.init0)
 .init0         0x000000000000012e        0x0 /usr/lib/gcc/avr/4.9.2/../../../avr/lib/avr51/crtatmega128.o
                0x000000000000012e                __init
 *(.init0)
 *(.init1)
 *(.init1)
 *(.init2)
 .init2         0x000000000000012e        0xc /usr/lib/gcc/avr/4.9.2/../../../avr/lib/avr51/crtatmega128.o
 *(.init2)
 *(.init3)
 *(.init3)
 *(.init4)
 .init4         0x000000000000013a       0x1a /usr/lib/gcc/avr/4.9.2/avr51/libgcc.a(_copy_data.o)
                0x000000000000013a                __do_copy_data
 .init4         0x0000000000000154       0x10 /usr/lib/gcc/avr/4.9.2/avr51/libgcc.a(_clear_bss.o)
                0x0000000000000154                __do_clear_bss
 *(.init4)
 *(.init5)
 *(.init5)
 *(.init6)
 *(.init6)
 *(.init7)
 *(.init7)
 *(.init8)
 *(.init8)
 *(.init9)
 .init9         0x0000000000000164        0x8 /usr/lib/gcc/avr/4.9.2/../../../avr/lib/avr51/crtatmega128.o
 *(.init9)
 *(.text)
 .text          0x000000000000016c        0x4 /usr/lib/gcc/avr/4.9.2/../../../avr/lib/avr51/crtatmega128.o
                0x000000000000016c                __vector_22
                0x000000000000016c                __vector_28
                0x000000000000016c                __vector_1
                0x000000000000016c                __vector_32
                0x000000000000016c                __vector_34
                0x000000000000016c                __vector_24
                0x000000000000016c                __bad_interrupt
                0x000000000000016c                __vector_6
                0x000000000000016c                __vector_31
                0x000000000000016c                __vector_3
                0x000000000000016c                __vector_23
                0x000000000000016c                __vector_30
                0x000000000000016c                __vector_25
                0x000000000000016c                __vector_11
                0x000000000000016c                __vector_13
                0x000000000000016c                __vector_17
                0x000000000000016c                __vector_19
                0x000000000000016c                __vector_7
                0x000000000000016c                __vector_27
                0x000000000000016c                __vector_5
                0x000000000000016c                __vector_4
                0x000000000000016c                __vector_2
                0x000000000000016c                __vector_21
                0x000000000000016c                __vector_15
                0x000000000000016c                __vector_29
                0x000000000000016c                __vector_26
                0x000000000000016c                __vector_14
                0x000000000000016c                __vector_20
 .text          0x0000000000000170      0xb24 lab6.o
                0x0000000000000170                spi_init
                0x000000000000017c                init_tcnt0
                0x000000000000018e                init_tcnt1
                0x00000000000001b6                init_tcnt2
                0x00000000000001c6                init_tcnt3
                0x00000000000001ec                init_DDRs
                0x0000000000000212                init_ADC
                0x0000000000000230                disable_tcnt1
                0x000000000000023c                disable_timer2
                0x0000000000000242                spi_rw8
                0x000000000000024c                chk_buttons
                0x000000000000028c                volume_up
                0x000000000000028e                volume_down
                0x0000000000000290                segsum
                0x0000000000000494                encoders
                0x00000000000006c0                check_alarm
                0x0000000000000762                snooze
                0x00000000000007d2                check_user_input
                0x00000000000009e6                check_ADCs
                0x00000000000009f4                __vector_16
                0x0000000000000b34                __vector_12
                0x0000000000000b58                __vector_10
                0x0000000000000bd0                __vector_9
                0x0000000000000be4                __vector_18
                0x0000000000000c54                radio_reset
                0x0000000000000c76                __vector_8
 .text          0x0000000000000c94      0x61c hd44780.o
                0x0000000000000c94                send_lcd
                0x0000000000000cbe                refresh_lcd
                0x0000000000000d14                set_custom_character
                0x0000000000000d76                set_cursor
                0x0000000000000d86                uint2lcd
                0x0000000000000e04                int2lcd
                0x0000000000000e2c                cursor_on
                0x0000000000000e34                cursor_off
                0x0000000000000e3c                shift_right
                0x0000000000000e44                shift_left
                0x0000000000000e4c                strobe_lcd
                0x0000000000000e5e                clear_display
                0x0000000000000e74                cursor_home
                0x0000000000000e8a                line2_col1
                0x0000000000000e92                line1_col1
                0x0000000000000e9a                fill_spaces
                0x0000000000000eb6                char2lcd
                0x0000000000000ebe                string2lcd
                0x0000000000000f08                lcd_init
                0x0000000000000fbc                lcd_int32
                0x0000000000001130                lcd_int16
 .text          0x00000000000012b0        0x2 lm73_functions_skel.o
                0x00000000000012b0                lm73_temp_convert
 .text          0x00000000000012b2      0x17c twi_master.o
                0x00000000000012b2                __vector_33
                0x00000000000013d0                twi_busy
                0x00000000000013d8                twi_start_wr
                0x00000000000013fa                twi_start_rd
                0x000000000000141c                init_twi
 .text          0x000000000000142e       0xf6 uart_functions.o
                0x000000000000142e                uart_putc
                0x000000000000143a                uart1_putc
                0x0000000000001450                uart_puts
                0x000000000000146c                uart1_puts
                0x0000000000001492                uart_puts_p
                0x00000000000014b8                uart_init
                0x00000000000014d2                uart1_init
                0x00000000000014f2                uart_getc
                0x0000000000001508                uart1_getc
 .text          0x0000000000001524      0x4d8 si4734.o
                0x0000000000001524                get_int_status
                0x0000000000001564                fm_tune_freq
                0x000000000000158a                am_tune_freq
                0x00000000000015c6                sw_tune_freq
                0x0000000000001600                radio_pwr_dwn
                0x0000000000001620                fm_rsq_status
                0x0000000000001662                fm_tune_status
                0x00000000000016a4                am_tune_status
                0x00000000000016dc                am_rsq_status
                0x0000000000001714                set_property
                0x000000000000173e                fm_pwr_up
                0x0000000000001776                am_pwr_up
                0x00000000000017ca                sw_pwr_up
                0x0000000000001836                get_rev
                0x00000000000018c8                get_fm_rsq_status
 .text          0x00000000000019fc        0x0 /usr/lib/gcc/avr/4.9.2/avr51/libgcc.a(_divmodhi4.o)
 .text          0x00000000000019fc        0x0 /usr/lib/gcc/avr/4.9.2/avr51/libgcc.a(_divmodsi4.o)
 .text          0x00000000000019fc        0x0 /usr/lib/gcc/avr/4.9.2/avr51/libgcc.a(_negsi2.o)
 .text          0x00000000000019fc        0x0 /usr/lib/gcc/avr/4.9.2/avr51/libgcc.a(_exit.o)
 .text          0x00000000000019fc        0x0 /usr/lib/gcc/avr/4.9.2/avr51/libgcc.a(_tablejump2.o)
 .text          0x00000000000019fc        0x0 /usr/lib/gcc/avr/4.9.2/avr51/libgcc.a(_copy_data.o)
 .text          0x00000000000019fc        0x0 /usr/lib/gcc/avr/4.9.2/avr51/libgcc.a(_clear_bss.o)
 .text          0x00000000000019fc        0x0 /usr/lib/gcc/avr/4.9.2/avr51/libgcc.a(_udivmodhi4.o)
 .text          0x00000000000019fc        0x0 /usr/lib/gcc/avr/4.9.2/avr51/libgcc.a(_udivmodsi4.o)
 .text          0x00000000000019fc        0x0 /usr/lib/gcc/avr/4.9.2/../../../avr/lib/avr51/libc.a(itoa_ncheck.o)
 .text          0x00000000000019fc        0x0 /usr/lib/gcc/avr/4.9.2/../../../avr/lib/avr51/libc.a(utoa_ncheck.o)
 .text          0x00000000000019fc        0x0 /usr/lib/gcc/avr/4.9.2/../../../avr/lib/avr51/libc.a(strrev.o)
 .text          0x00000000000019fc        0x0 /usr/lib/gcc/avr/4.9.2/../../../avr/lib/avr51/libatmega128.a(eerd_byte.o)
 .text          0x00000000000019fc        0x0 /usr/lib/gcc/avr/4.9.2/../../../avr/lib/avr51/libatmega128.a(eerd_word.o)
 .text          0x00000000000019fc        0x0 /usr/lib/gcc/avr/4.9.2/../../../avr/lib/avr51/libatmega128.a(eerd_block.o)
                0x00000000000019fc                . = ALIGN (0x2)
 *(.text.*)
 .text.startup  0x00000000000019fc      0x1a0 lab6.o
                0x00000000000019fc                main
 .text.libgcc.mul
                0x0000000000001b9c        0x0 /usr/lib/gcc/avr/4.9.2/avr51/libgcc.a(_divmodhi4.o)
 .text.libgcc.div
                0x0000000000001b9c       0x28 /usr/lib/gcc/avr/4.9.2/avr51/libgcc.a(_divmodhi4.o)
                0x0000000000001b9c                __divmodhi4
                0x0000000000001b9c                _div
 .text.libgcc   0x0000000000001bc4        0x0 /usr/lib/gcc/avr/4.9.2/avr51/libgcc.a(_divmodhi4.o)
 .text.libgcc.prologue
                0x0000000000001bc4        0x0 /usr/lib/gcc/avr/4.9.2/avr51/libgcc.a(_divmodhi4.o)
 .text.libgcc.builtins
                0x0000000000001bc4        0x0 /usr/lib/gcc/avr/4.9.2/avr51/libgcc.a(_divmodhi4.o)
 .text.libgcc.fmul
                0x0000000000001bc4        0x0 /usr/lib/gcc/avr/4.9.2/avr51/libgcc.a(_divmodhi4.o)
 .text.libgcc.fixed
                0x0000000000001bc4        0x0 /usr/lib/gcc/avr/4.9.2/avr51/libgcc.a(_divmodhi4.o)
 .text.libgcc.mul
                0x0000000000001bc4        0x0 /usr/lib/gcc/avr/4.9.2/avr51/libgcc.a(_divmodsi4.o)
 .text.libgcc.div
                0x0000000000001bc4       0x2e /usr/lib/gcc/avr/4.9.2/avr51/libgcc.a(_divmodsi4.o)
                0x0000000000001bc4                __divmodsi4
 .text.libgcc   0x0000000000001bf2        0x0 /usr/lib/gcc/avr/4.9.2/avr51/libgcc.a(_divmodsi4.o)
 .text.libgcc.prologue
                0x0000000000001bf2        0x0 /usr/lib/gcc/avr/4.9.2/avr51/libgcc.a(_divmodsi4.o)
 .text.libgcc.builtins
                0x0000000000001bf2        0x0 /usr/lib/gcc/avr/4.9.2/avr51/libgcc.a(_divmodsi4.o)
 .text.libgcc.fmul
                0x0000000000001bf2        0x0 /usr/lib/gcc/avr/4.9.2/avr51/libgcc.a(_divmodsi4.o)
 .text.libgcc.fixed
                0x0000000000001bf2        0x0 /usr/lib/gcc/avr/4.9.2/avr51/libgcc.a(_divmodsi4.o)
 .text.libgcc.mul
                0x0000000000001bf2        0x0 /usr/lib/gcc/avr/4.9.2/avr51/libgcc.a(_negsi2.o)
 .text.libgcc.div
                0x0000000000001bf2       0x10 /usr/lib/gcc/avr/4.9.2/avr51/libgcc.a(_negsi2.o)
                0x0000000000001bf2                __negsi2
 .text.libgcc   0x0000000000001c02        0x0 /usr/lib/gcc/avr/4.9.2/avr51/libgcc.a(_negsi2.o)
 .text.libgcc.prologue
                0x0000000000001c02        0x0 /usr/lib/gcc/avr/4.9.2/avr51/libgcc.a(_negsi2.o)
 .text.libgcc.builtins
                0x0000000000001c02        0x0 /usr/lib/gcc/avr/4.9.2/avr51/libgcc.a(_negsi2.o)
 .text.libgcc.fmul
                0x0000000000001c02        0x0 /usr/lib/gcc/avr/4.9.2/avr51/libgcc.a(_negsi2.o)
 .text.libgcc.fixed
                0x0000000000001c02        0x0 /usr/lib/gcc/avr/4.9.2/avr51/libgcc.a(_negsi2.o)
 .text.libgcc.mul
                0x0000000000001c02        0x0 /usr/lib/gcc/avr/4.9.2/avr51/libgcc.a(_exit.o)
 .text.libgcc.div
                0x0000000000001c02        0x0 /usr/lib/gcc/avr/4.9.2/avr51/libgcc.a(_exit.o)
 .text.libgcc   0x0000000000001c02        0x0 /usr/lib/gcc/avr/4.9.2/avr51/libgcc.a(_exit.o)
 .text.libgcc.prologue
                0x0000000000001c02        0x0 /usr/lib/gcc/avr/4.9.2/avr51/libgcc.a(_exit.o)
 .text.libgcc.builtins
                0x0000000000001c02        0x0 /usr/lib/gcc/avr/4.9.2/avr51/libgcc.a(_exit.o)
 .text.libgcc.fmul
                0x0000000000001c02        0x0 /usr/lib/gcc/avr/4.9.2/avr51/libgcc.a(_exit.o)
 .text.libgcc.fixed
                0x0000000000001c02        0x0 /usr/lib/gcc/avr/4.9.2/avr51/libgcc.a(_exit.o)
 .text.libgcc.mul
                0x0000000000001c02        0x0 /usr/lib/gcc/avr/4.9.2/avr51/libgcc.a(_tablejump2.o)
 .text.libgcc.div
                0x0000000000001c02        0x0 /usr/lib/gcc/avr/4.9.2/avr51/libgcc.a(_tablejump2.o)
 .text.libgcc   0x0000000000001c02       0x12 /usr/lib/gcc/avr/4.9.2/avr51/libgcc.a(_tablejump2.o)
                0x0000000000001c02                __tablejump2__
 .text.libgcc.prologue
                0x0000000000001c14        0x0 /usr/lib/gcc/avr/4.9.2/avr51/libgcc.a(_tablejump2.o)
 .text.libgcc.builtins
                0x0000000000001c14        0x0 /usr/lib/gcc/avr/4.9.2/avr51/libgcc.a(_tablejump2.o)
 .text.libgcc.fmul
                0x0000000000001c14        0x0 /usr/lib/gcc/avr/4.9.2/avr51/libgcc.a(_tablejump2.o)
 .text.libgcc.fixed
                0x0000000000001c14        0x0 /usr/lib/gcc/avr/4.9.2/avr51/libgcc.a(_tablejump2.o)
 .text.libgcc.mul
                0x0000000000001c14        0x0 /usr/lib/gcc/avr/4.9.2/avr51/libgcc.a(_copy_data.o)
 .text.libgcc.div
                0x0000000000001c14        0x0 /usr/lib/gcc/avr/4.9.2/avr51/libgcc.a(_copy_data.o)
 .text.libgcc   0x0000000000001c14        0x0 /usr/lib/gcc/avr/4.9.2/avr51/libgcc.a(_copy_data.o)
 .text.libgcc.prologue
                0x0000000000001c14        0x0 /usr/lib/gcc/avr/4.9.2/avr51/libgcc.a(_copy_data.o)
 .text.libgcc.builtins
                0x0000000000001c14        0x0 /usr/lib/gcc/avr/4.9.2/avr51/libgcc.a(_copy_data.o)
 .text.libgcc.fmul
                0x0000000000001c14        0x0 /usr/lib/gcc/avr/4.9.2/avr51/libgcc.a(_copy_data.o)
 .text.libgcc.fixed
                0x0000000000001c14        0x0 /usr/lib/gcc/avr/4.9.2/avr51/libgcc.a(_copy_data.o)
 .text.libgcc.mul
                0x0000000000001c14        0x0 /usr/lib/gcc/avr/4.9.2/avr51/libgcc.a(_clear_bss.o)
 .text.libgcc.div
                0x0000000000001c14        0x0 /usr/lib/gcc/avr/4.9.2/avr51/libgcc.a(_clear_bss.o)
 .text.libgcc   0x0000000000001c14        0x0 /usr/lib/gcc/avr/4.9.2/avr51/libgcc.a(_clear_bss.o)
 .text.libgcc.prologue
                0x0000000000001c14        0x0 /usr/lib/gcc/avr/4.9.2/avr51/libgcc.a(_clear_bss.o)
 .text.libgcc.builtins
                0x0000000000001c14        0x0 /usr/lib/gcc/avr/4.9.2/avr51/libgcc.a(_clear_bss.o)
 .text.libgcc.fmul
                0x0000000000001c14        0x0 /usr/lib/gcc/avr/4.9.2/avr51/libgcc.a(_clear_bss.o)
 .text.libgcc.fixed
                0x0000000000001c14        0x0 /usr/lib/gcc/avr/4.9.2/avr51/libgcc.a(_clear_bss.o)
 .text.libgcc.mul
                0x0000000000001c14        0x0 /usr/lib/gcc/avr/4.9.2/avr51/libgcc.a(_udivmodhi4.o)
 .text.libgcc.div
                0x0000000000001c14       0x28 /usr/lib/gcc/avr/4.9.2/avr51/libgcc.a(_udivmodhi4.o)
                0x0000000000001c14                __udivmodhi4
 .text.libgcc   0x0000000000001c3c        0x0 /usr/lib/gcc/avr/4.9.2/avr51/libgcc.a(_udivmodhi4.o)
 .text.libgcc.prologue
                0x0000000000001c3c        0x0 /usr/lib/gcc/avr/4.9.2/avr51/libgcc.a(_udivmodhi4.o)
 .text.libgcc.builtins
                0x0000000000001c3c        0x0 /usr/lib/gcc/avr/4.9.2/avr51/libgcc.a(_udivmodhi4.o)
 .text.libgcc.fmul
                0x0000000000001c3c        0x0 /usr/lib/gcc/avr/4.9.2/avr51/libgcc.a(_udivmodhi4.o)
 .text.libgcc.fixed
                0x0000000000001c3c        0x0 /usr/lib/gcc/avr/4.9.2/avr51/libgcc.a(_udivmodhi4.o)
 .text.libgcc.mul
                0x0000000000001c3c        0x0 /usr/lib/gcc/avr/4.9.2/avr51/libgcc.a(_udivmodsi4.o)
 .text.libgcc.div
                0x0000000000001c3c       0x44 /usr/lib/gcc/avr/4.9.2/avr51/libgcc.a(_udivmodsi4.o)
                0x0000000000001c3c                __udivmodsi4
 .text.libgcc   0x0000000000001c80        0x0 /usr/lib/gcc/avr/4.9.2/avr51/libgcc.a(_udivmodsi4.o)
 .text.libgcc.prologue
                0x0000000000001c80        0x0 /usr/lib/gcc/avr/4.9.2/avr51/libgcc.a(_udivmodsi4.o)
 .text.libgcc.builtins
                0x0000000000001c80        0x0 /usr/lib/gcc/avr/4.9.2/avr51/libgcc.a(_udivmodsi4.o)
 .text.libgcc.fmul
                0x0000000000001c80        0x0 /usr/lib/gcc/avr/4.9.2/avr51/libgcc.a(_udivmodsi4.o)
 .text.libgcc.fixed
                0x0000000000001c80        0x0 /usr/lib/gcc/avr/4.9.2/avr51/libgcc.a(_udivmodsi4.o)
 .text.avr-libc
                0x0000000000001c80       0x16 /usr/lib/gcc/avr/4.9.2/../../../avr/lib/avr51/libc.a(itoa_ncheck.o)
                0x0000000000001c80                __itoa_ncheck
 .text.avr-libc
                0x0000000000001c96       0x34 /usr/lib/gcc/avr/4.9.2/../../../avr/lib/avr51/libc.a(utoa_ncheck.o)
                0x0000000000001c96                __utoa_ncheck
                0x0000000000001c98                __utoa_common
 .text.avr-libc
                0x0000000000001cca       0x20 /usr/lib/gcc/avr/4.9.2/../../../avr/lib/avr51/libc.a(strrev.o)
                0x0000000000001cca                strrev
 .text.avr-libc
                0x0000000000001cea       0x10 /usr/lib/gcc/avr/4.9.2/../../../avr/lib/avr51/libatmega128.a(eerd_byte.o)
                0x0000000000001cea                eeprom_read_byte
 .text.avr-libc
                0x0000000000001cfa        0xc /usr/lib/gcc/avr/4.9.2/../../../avr/lib/avr51/libatmega128.a(eerd_word.o)
                0x0000000000001cfa                eeprom_read_word
 .text.avr-libc
                0x0000000000001d06       0x20 /usr/lib/gcc/avr/4.9.2/../../../avr/lib/avr51/libatmega128.a(eerd_block.o)
                0x0000000000001d06                eeprom_read_block
                0x0000000000001d0a                eeprom_read_blraw
                0x0000000000001d26                . = ALIGN (0x2)
 *(.fini9)
 .fini9         0x0000000000001d26        0x0 /usr/lib/gcc/avr/4.9.2/avr51/libgcc.a(_exit.o)
                0x0000000000001d26                exit
                0x0000000000001d26                _exit
 *(.fini9)
 *(.fini8)
 *(.fini8)
 *(.fini7)
 *(.fini7)
 *(.fini6)
 *(.fini6)
 *(.fini5)
 *(.fini5)
 *(.fini4)
 *(.fini4)
 *(.fini3)
 *(.fini3)
 *(.fini2)
 *(.fini2)
 *(.fini1)
 *(.fini1)
 *(.fini0)
 .fini0         0x0000000000001d26        0x4 /usr/lib/gcc/avr/4.9.2/avr51/libgcc.a(_exit.o)
 *(.fini0)
                0x0000000000001d2a                _etext = .

.data           0x0000000000800100      0x14a load address 0x0000000000001d2a
                0x0000000000800100                PROVIDE (__data_start, .)
 *(.data)
 .data          0x0000000000800100        0x0 /usr/lib/gcc/avr/4.9.2/../../../avr/lib/avr51/crtatmega128.o
 .data          0x0000000000800100       0x4d lab6.o
                0x0000000000800100                radio_onoff_toggle
                0x0000000000800101                first_byte
                0x0000000000800102                alarm_mins
                0x0000000000800103                alarm_hours
                0x0000000000800104                seconds
                0x0000000000800105                mins
                0x0000000000800106                hours
                0x0000000000800107                alarm_armed
                0x0000000000800108                lcd_string_array
                0x0000000000800128                encoder_lookup
                0x0000000000800138                buttons_to_incdec
                0x000000000080013c                incdec_to_bargraph
                0x0000000000800141                dec_to_7seg
 .data          0x000000000080014d        0x0 hd44780.o
 .data          0x000000000080014d        0x0 lm73_functions_skel.o
 .data          0x000000000080014d        0x0 twi_master.o
 .data          0x000000000080014d        0x0 uart_functions.o
 .data          0x000000000080014d        0x0 si4734.o
 .data          0x000000000080014d        0x0 /usr/lib/gcc/avr/4.9.2/avr51/libgcc.a(_divmodhi4.o)
 .data          0x000000000080014d        0x0 /usr/lib/gcc/avr/4.9.2/avr51/libgcc.a(_divmodsi4.o)
 .data          0x000000000080014d        0x0 /usr/lib/gcc/avr/4.9.2/avr51/libgcc.a(_negsi2.o)
 .data          0x000000000080014d        0x0 /usr/lib/gcc/avr/4.9.2/avr51/libgcc.a(_exit.o)
 .data          0x000000000080014d        0x0 /usr/lib/gcc/avr/4.9.2/avr51/libgcc.a(_tablejump2.o)
 .data          0x000000000080014d        0x0 /usr/lib/gcc/avr/4.9.2/avr51/libgcc.a(_copy_data.o)
 .data          0x000000000080014d        0x0 /usr/lib/gcc/avr/4.9.2/avr51/libgcc.a(_clear_bss.o)
 .data          0x000000000080014d        0x0 /usr/lib/gcc/avr/4.9.2/avr51/libgcc.a(_udivmodhi4.o)
 .data          0x000000000080014d        0x0 /usr/lib/gcc/avr/4.9.2/avr51/libgcc.a(_udivmodsi4.o)
 .data          0x000000000080014d        0x0 /usr/lib/gcc/avr/4.9.2/../../../avr/lib/avr51/libc.a(itoa_ncheck.o)
 .data          0x000000000080014d        0x0 /usr/lib/gcc/avr/4.9.2/../../../avr/lib/avr51/libc.a(utoa_ncheck.o)
 .data          0x000000000080014d        0x0 /usr/lib/gcc/avr/4.9.2/../../../avr/lib/avr51/libc.a(strrev.o)
 .data          0x000000000080014d        0x0 /usr/lib/gcc/avr/4.9.2/../../../avr/lib/avr51/libatmega128.a(eerd_byte.o)
 .data          0x000000000080014d        0x0 /usr/lib/gcc/avr/4.9.2/../../../avr/lib/avr51/libatmega128.a(eerd_word.o)
 .data          0x000000000080014d        0x0 /usr/lib/gcc/avr/4.9.2/../../../avr/lib/avr51/libatmega128.a(eerd_block.o)
 *(.data*)
 *(.rodata)
 *(.rodata*)
 .rodata.str1.1
                0x000000000080014d       0xfd si4734.o
                                        0x10e (size before relaxing)
 *(.gnu.linkonce.d*)
                0x000000000080024a                . = ALIGN (0x2)
                0x000000000080024a                _edata = .
                0x000000000080024a                PROVIDE (__data_end, .)

.bss            0x000000000080024a      0x13f
                0x000000000080024a                PROVIDE (__bss_start, .)
 *(.bss)
 .bss           0x000000000080024a        0x0 /usr/lib/gcc/avr/4.9.2/../../../avr/lib/avr51/crtatmega128.o
 .bss           0x000000000080024a       0x17 lab6.o
                0x000000000080024a                alarm_buzz
                0x000000000080024b                alarm_seconds
                0x000000000080024c                old_encoder
                0x000000000080024d                encoder
                0x000000000080024e                clockmode
                0x000000000080024f                incdec_mode
 .bss           0x0000000000800261        0x1 hd44780.o
 .bss           0x0000000000800262        0x0 lm73_functions_skel.o
 .bss           0x0000000000800262        0x1 twi_master.o
 .bss           0x0000000000800263        0x0 uart_functions.o
 .bss           0x0000000000800263        0x0 si4734.o
 .bss           0x0000000000800263        0x0 /usr/lib/gcc/avr/4.9.2/avr51/libgcc.a(_divmodhi4.o)
 .bss           0x0000000000800263        0x0 /usr/lib/gcc/avr/4.9.2/avr51/libgcc.a(_divmodsi4.o)
 .bss           0x0000000000800263        0x0 /usr/lib/gcc/avr/4.9.2/avr51/libgcc.a(_negsi2.o)
 .bss           0x0000000000800263        0x0 /usr/lib/gcc/avr/4.9.2/avr51/libgcc.a(_exit.o)
 .bss           0x0000000000800263        0x0 /usr/lib/gcc/avr/4.9.2/avr51/libgcc.a(_tablejump2.o)
 .bss           0x0000000000800263        0x0 /usr/lib/gcc/avr/4.9.2/avr51/libgcc.a(_copy_data.o)
 .bss           0x0000000000800263        0x0 /usr/lib/gcc/avr/4.9.2/avr51/libgcc.a(_clear_bss.o)
 .bss           0x0000000000800263        0x0 /usr/lib/gcc/avr/4.9.2/avr51/libgcc.a(_udivmodhi4.o)
 .bss           0x0000000000800263        0x0 /usr/lib/gcc/avr/4.9.2/avr51/libgcc.a(_udivmodsi4.o)
 .bss           0x0000000000800263        0x0 /usr/lib/gcc/avr/4.9.2/../../../avr/lib/avr51/libc.a(itoa_ncheck.o)
 .bss           0x0000000000800263        0x0 /usr/lib/gcc/avr/4.9.2/../../../avr/lib/avr51/libc.a(utoa_ncheck.o)
 .bss           0x0000000000800263        0x0 /usr/lib/gcc/avr/4.9.2/../../../avr/lib/avr51/libc.a(strrev.o)
 .bss           0x0000000000800263        0x0 /usr/lib/gcc/avr/4.9.2/../../../avr/lib/avr51/libatmega128.a(eerd_byte.o)
 .bss           0x0000000000800263        0x0 /usr/lib/gcc/avr/4.9.2/../../../avr/lib/avr51/libatmega128.a(eerd_word.o)
 .bss           0x0000000000800263        0x0 /usr/lib/gcc/avr/4.9.2/../../../avr/lib/avr51/libatmega128.a(eerd_block.o)
 *(.bss*)
 *(COMMON)
 COMMON         0x0000000000800263       0x3c lab6.o
                0x0000000000800263                eeprom_volume
                0x0000000000800264                eeprom_fm_freq
                0x0000000000800266                j
                0x0000000000800267                current_radio_band
                0x0000000000800269                lcd_display
                0x0000000000800289                tempsensor_string
                0x000000000080028b                lm73_temp
                0x000000000080028d                eeprom_am_freq
                0x000000000080028f                firstbyte
                0x0000000000800290                current_volume
                0x0000000000800291                i
                0x0000000000800292                current_am_freq
                0x0000000000800294                current_fm_freq
                0x0000000000800296                current_sw_freq
                0x0000000000800298                eeprom_sw_freq
                0x000000000080029a                segment_data
 COMMON         0x000000000080029f       0x10 hd44780.o
                0x000000000080029f                lcd_str
 COMMON         0x00000000008002af        0x4 lm73_functions_skel.o
                0x00000000008002af                lm73_wr_buf
                0x00000000008002b1                lm73_rd_buf
 COMMON         0x00000000008002b3        0x5 twi_master.o
                0x00000000008002b3                twi_state
                0x00000000008002b4                twi_buf
                0x00000000008002b6                twi_bus_addr
                0x00000000008002b7                twi_msg_size
 COMMON         0x00000000008002b8       0xa0 uart_functions.o
                0x00000000008002b8                uart_tx_buf
                0x00000000008002e0                uart1_tx_buf
                0x0000000000800308                uart1_rx_buf
                0x0000000000800330                uart_rx_buf
 COMMON         0x0000000000800358       0x31 si4734.o
                0x0000000000800358                si4734_wr_buf
                0x0000000000800361                si4734_tune_status_buf
                0x0000000000800369                si4734_revision_buf
                0x0000000000800379                STC_interrupt
                0x000000000080037a                si4734_rd_buf
                0x0000000000800389                PROVIDE (__bss_end, .)
                0x0000000000001d2a                __data_load_start = LOADADDR (.data)
                0x0000000000001e74                __data_load_end = (__data_load_start + SIZEOF (.data))

.noinit         0x0000000000800389        0x0
                0x0000000000800389                PROVIDE (__noinit_start, .)
 *(.noinit*)
                0x0000000000800389                PROVIDE (__noinit_end, .)
                0x0000000000800389                _end = .
                0x0000000000800389                PROVIDE (__heap_start, .)

.eeprom         0x0000000000810000        0x0
 *(.eeprom*)
                0x0000000000810000                __eeprom_end = .

.fuse
 *(.fuse)
 *(.lfuse)
 *(.hfuse)
 *(.efuse)

.lock
 *(.lock*)

.signature
 *(.signature*)

.user_signatures
 *(.user_signatures*)

.stab           0x0000000000000000     0x4ff8
 *(.stab)
 .stab          0x0000000000000000     0x1dc4 lab6.o
 .stab          0x0000000000001dc4     0x1194 hd44780.o
                                       0x13c8 (size before relaxing)
 .stab          0x0000000000002f58      0x348 lm73_functions_skel.o
                                        0x510 (size before relaxing)
 .stab          0x00000000000032a0      0x684 twi_master.o
                                        0x87c (size before relaxing)
 .stab          0x0000000000003924      0x7d4 uart_functions.o
                                        0x9f0 (size before relaxing)
 .stab          0x00000000000040f8      0xf00 si4734.o
                                       0x111c (size before relaxing)

.stabstr        0x0000000000000000     0x1c8b
 *(.stabstr)
 .stabstr       0x0000000000000000     0x1c8b lab6.o

.stab.excl
 *(.stab.excl)

.stab.exclstr
 *(.stab.exclstr)

.stab.index
 *(.stab.index)

.stab.indexstr
 *(.stab.indexstr)

.comment        0x0000000000000000       0x11
 *(.comment)
 .comment       0x0000000000000000       0x11 lab6.o
                                         0x12 (size before relaxing)
 .comment       0x0000000000000011       0x12 hd44780.o
 .comment       0x0000000000000011       0x12 lm73_functions_skel.o
 .comment       0x0000000000000011       0x12 twi_master.o
 .comment       0x0000000000000011       0x12 uart_functions.o
 .comment       0x0000000000000011       0x12 si4734.o

.note.gnu.avr.deviceinfo
                0x0000000000000000       0x3c
 .note.gnu.avr.deviceinfo
                0x0000000000000000       0x3c /usr/lib/gcc/avr/4.9.2/../../../avr/lib/avr51/crtatmega128.o

.note.gnu.build-id
 *(.note.gnu.build-id)

.debug
 *(.debug)

.line
 *(.line)

.debug_srcinfo
 *(.debug_srcinfo)

.debug_sfnames
 *(.debug_sfnames)

.debug_aranges
 *(.debug_aranges)

.debug_pubnames
 *(.debug_pubnames)

.debug_info
 *(.debug_info .gnu.linkonce.wi.*)

.debug_abbrev
 *(.debug_abbrev)

.debug_line
 *(.debug_line .debug_line.* .debug_line_end)

.debug_frame
 *(.debug_frame)

.debug_str
 *(.debug_str)

.debug_loc
 *(.debug_loc)

.debug_macinfo
 *(.debug_macinfo)

.debug_weaknames
 *(.debug_weaknames)

.debug_funcnames
 *(.debug_funcnames)

.debug_typenames
 *(.debug_typenames)

.debug_varnames
 *(.debug_varnames)

.debug_pubtypes
 *(.debug_pubtypes)

.debug_ranges
 *(.debug_ranges)

.debug_macro
 *(.debug_macro)
OUTPUT(lab6.elf elf32-avr)
LOAD linker stubs
